SET client_min_messages TO ERROR;
CREATE SCHEMA columnar_prune;
SET search_path TO columnar_prune;
CREATE TABLE orders_hash_partitioned (
	o_orderkey integer,
	o_custkey integer,
	o_orderstatus char(1),
	o_totalprice decimal(15,2),
	o_orderdate date,
	o_orderpriority char(15),
	o_clerk char(15),
	o_shippriority integer,
	o_comment varchar(79) ) using columnar;
CREATE TABLE lineitem_hash_partitioned (
    l_orderkey integer not null,
    l_partkey integer not null,
    l_suppkey integer not null,
    l_linenumber integer not null,
    l_quantity decimal(15, 2) not null,
    l_extendedprice decimal(15, 2) not null,
    l_discount decimal(15, 2) not null,
    l_tax decimal(15, 2) not null,
    l_returnflag char(1) not null,
    l_linestatus char(1) not null,
    l_shipdate date not null,
    l_commitdate date not null,
    l_receiptdate date not null,
    l_shipinstruct char(25) not null,
    l_shipmode char(10) not null,
    l_comment varchar(44) not null) using columnar;
INSERT INTO orders_hash_partitioned (o_orderkey, o_custkey, o_totalprice, o_shippriority, o_clerk) VALUES
	(1, 11, 10, 111, 'aaa'),
	(2, 22, 20, 222, 'bbb'),
	(3, 33, 30, 333, 'ccc'),
	(4, 44, 40, 444, 'ddd');
-- Check that we can prune shards for simple cases, boolean expressions and
-- immutable functions.
SELECT count(*) FROM orders_hash_partitioned;
 count
---------------------------------------------------------------------
     4
(1 row)

SELECT count(*) FROM orders_hash_partitioned WHERE o_orderkey = 1;
 count
---------------------------------------------------------------------
     1
(1 row)

SELECT count(*) FROM orders_hash_partitioned WHERE o_orderkey = 2;
 count
---------------------------------------------------------------------
     1
(1 row)

SELECT count(*) FROM orders_hash_partitioned WHERE o_orderkey = 3;
 count
---------------------------------------------------------------------
     1
(1 row)

SELECT count(*) FROM orders_hash_partitioned WHERE o_orderkey = 4;
 count
---------------------------------------------------------------------
     1
(1 row)

SELECT count(*) FROM orders_hash_partitioned
	WHERE o_orderkey = 1 AND o_clerk = 'aaa';
 count
---------------------------------------------------------------------
     1
(1 row)

SELECT count(*) FROM orders_hash_partitioned WHERE o_orderkey = abs(-1);
 count
---------------------------------------------------------------------
     1
(1 row)

SELECT count(*) FROM orders_hash_partitioned;
 count
---------------------------------------------------------------------
     4
(1 row)

SELECT count(*) FROM orders_hash_partitioned WHERE o_orderkey = 1;
 count
---------------------------------------------------------------------
     1
(1 row)

SELECT count(*) FROM orders_hash_partitioned WHERE o_orderkey = 2;
 count
---------------------------------------------------------------------
     1
(1 row)

SELECT count(*) FROM orders_hash_partitioned WHERE o_orderkey = 3;
 count
---------------------------------------------------------------------
     1
(1 row)

SELECT count(*) FROM orders_hash_partitioned WHERE o_orderkey = 4;
 count
---------------------------------------------------------------------
     1
(1 row)

SELECT count(*) FROM orders_hash_partitioned
	WHERE o_orderkey = 1 AND o_clerk = 'aaa';
 count
---------------------------------------------------------------------
     1
(1 row)

SELECT count(*) FROM orders_hash_partitioned WHERE o_orderkey = abs(-1);
 count
---------------------------------------------------------------------
     1
(1 row)

SELECT count(*) FROM orders_hash_partitioned WHERE o_orderkey is NULL;
 count
---------------------------------------------------------------------
     0
(1 row)

SELECT count(*) FROM orders_hash_partitioned WHERE o_orderkey is not NULL;
 count
---------------------------------------------------------------------
     4
(1 row)

SELECT count(*) FROM orders_hash_partitioned WHERE o_orderkey > 2;
 count
---------------------------------------------------------------------
     2
(1 row)

SELECT count(*) FROM orders_hash_partitioned
	WHERE o_orderkey = 1 OR o_orderkey = 2;
 count
---------------------------------------------------------------------
     2
(1 row)

SELECT count(*) FROM orders_hash_partitioned
	WHERE o_orderkey = 1 OR o_clerk = 'aaa';
 count
---------------------------------------------------------------------
     1
(1 row)

SELECT count(*) FROM orders_hash_partitioned
	WHERE o_orderkey = 1 OR (o_orderkey = 3 AND o_clerk = 'ccc');
 count
---------------------------------------------------------------------
     2
(1 row)

SELECT count(*) FROM orders_hash_partitioned
	WHERE o_orderkey = 1 OR o_orderkey is NULL;
 count
---------------------------------------------------------------------
     1
(1 row)

SELECT count(*) FROM
       (SELECT o_orderkey FROM orders_hash_partitioned WHERE o_orderkey = 1) AS orderkeys;
 count
---------------------------------------------------------------------
     1
(1 row)

-- Check that we support runing for ANY/IN with literal.
SELECT count(*) FROM lineitem_hash_part
	WHERE l_orderkey = ANY ('{1,2,3}');
ERROR:  relation "lineitem_hash_part" does not exist
SELECT count(*) FROM lineitem_hash_part
	WHERE l_orderkey IN (1,2,3);
ERROR:  relation "lineitem_hash_part" does not exist
-- Check whether we can deal with null arrays
SELECT count(*) FROM lineitem_hash_part
	WHERE l_orderkey IN (NULL);
ERROR:  relation "lineitem_hash_part" does not exist
SELECT count(*) FROM lineitem_hash_part
	WHERE l_orderkey = ANY (NULL);
ERROR:  relation "lineitem_hash_part" does not exist
SELECT count(*) FROM lineitem_hash_part
	WHERE l_orderkey IN (NULL) OR TRUE;
ERROR:  relation "lineitem_hash_part" does not exist
SELECT count(*) FROM lineitem_hash_part
	WHERE l_orderkey = ANY (NULL) OR TRUE;
ERROR:  relation "lineitem_hash_part" does not exist
-- Check whether we support IN/ANY in subquery
SELECT count(*) FROM lineitem_hash_part WHERE l_orderkey IN (SELECT l_orderkey FROM lineitem_hash_part);
ERROR:  relation "lineitem_hash_part" does not exist
SELECT count(*) FROM lineitem_hash_part WHERE l_orderkey = ANY (SELECT l_orderkey FROM lineitem_hash_part);
ERROR:  relation "lineitem_hash_part" does not exist
-- Check whether we support range queries with append distributed table
SELECT count(*) FROM lineitem
	WHERE l_orderkey >= 1 AND l_orderkey <= 3;
ERROR:  relation "lineitem" does not exist
SELECT count(*) FROM lineitem
	WHERE (l_orderkey >= 1 AND l_orderkey <= 3) AND (l_quantity > 11 AND l_quantity < 22);
ERROR:  relation "lineitem" does not exist
-- Check whether we support IN/ANY in subquery with append and range distributed table
SELECT count(*) FROM lineitem
	WHERE l_orderkey = ANY ('{1,2,3}');
ERROR:  relation "lineitem" does not exist
SELECT count(*) FROM lineitem
	WHERE l_orderkey IN (1,2,3);
ERROR:  relation "lineitem" does not exist
SELECT count(*) FROM lineitem
	WHERE l_orderkey = ANY(NULL) OR TRUE;
ERROR:  relation "lineitem" does not exist
-- Check that we don't show the message if the operator is not
-- equality operator
SELECT count(*) FROM orders_hash_partitioned
	WHERE o_orderkey < ALL ('{1,2,3}');
 count
---------------------------------------------------------------------
     0
(1 row)

-- Check that we don't give a spurious hint message when non-partition
-- columns are used with ANY/IN/ALL
SELECT count(*) FROM orders_hash_partitioned
	WHERE o_orderkey = 1 OR o_totalprice IN (20, 30);
 count
---------------------------------------------------------------------
     3
(1 row)

-- Check that we cannot prune for mutable functions.
SELECT count(*) FROM orders_hash_partitioned WHERE o_orderkey = (random() + 100);
 count
---------------------------------------------------------------------
     0
(1 row)

SELECT count(*) FROM orders_hash_partitioned
	WHERE o_orderkey = (random() + 100) OR o_orderkey = 1;
 count
---------------------------------------------------------------------
     1
(1 row)

SELECT count(*) FROM orders_hash_partitioned
	WHERE o_orderkey = (random() + 100) AND o_orderkey = 1;
 count
---------------------------------------------------------------------
     0
(1 row)

-- Check that we can do join pruning.
SELECT count(*)
	FROM orders_hash_partitioned orders1, orders_hash_partitioned orders2
	WHERE orders1.o_orderkey = orders2.o_orderkey;
 count
---------------------------------------------------------------------
     4
(1 row)

SELECT count(*)
	FROM orders_hash_partitioned orders1, orders_hash_partitioned orders2
	WHERE orders1.o_orderkey = orders2.o_orderkey
	AND orders1.o_orderkey = 1
	AND orders2.o_orderkey is NULL;
 count
---------------------------------------------------------------------
     0
(1 row)

-- All shards used without constraints
SELECT count(*) FROM orders_hash_partitioned;
 count
---------------------------------------------------------------------
     4
(1 row)

-- Shards restricted correctly with prunable constraint
SELECT count(*) FROM orders_hash_partitioned
	WHERE o_orderkey = 1;
 count
---------------------------------------------------------------------
     1
(1 row)

-- Shards restricted correctly with prunable constraint ANDed with unprunable expression using OR
SELECT count(*) FROM orders_hash_partitioned
	WHERE o_orderkey = 1 AND (o_custkey = 11 OR o_custkey = 22);
 count
---------------------------------------------------------------------
     1
(1 row)

-- Shards restricted correctly with prunable constraints ORed
SELECT count(*) FROM orders_hash_partitioned
	WHERE (o_orderkey = 1 OR o_orderkey = 2);
 count
---------------------------------------------------------------------
     2
(1 row)

-- Shards restricted correctly with prunable constraints ANDed with unprunable expression using OR
SELECT count(*) FROM orders_hash_partitioned
	WHERE (o_orderkey = 1 OR o_orderkey = 2) AND (o_custkey = 11 OR o_custkey = 22);
 count
---------------------------------------------------------------------
     2
(1 row)

-- Shards restricted correctly with many different prunable constraints ORed
SELECT count(*) FROM orders_hash_partitioned
	WHERE (o_orderkey = 1 AND o_custkey = 11) OR (o_orderkey = 1 AND o_custkey = 33) OR (o_orderkey = 2 AND o_custkey = 22) OR (o_orderkey = 2 AND o_custkey = 44);
 count
---------------------------------------------------------------------
     2
(1 row)

-- Shards restricted correctly with prunable SAO constraint ANDed with unprunable expression using OR
SELECT count(*) FROM orders_hash_partitioned
	WHERE (o_orderkey IN (1,2)) AND (o_custkey = 11 OR o_custkey = 22 OR o_custkey = 33);
 count
---------------------------------------------------------------------
     2
(1 row)

-- Shards restricted correctly with prunable SAO constraint ANDed with multiple unprunable expressions
SELECT count(*) FROM orders_hash_partitioned
	WHERE (o_orderkey IN (1,2)) AND (o_totalprice < 11 OR o_totalprice > 19) AND o_shippriority > 100 AND (o_custkey = 11 OR o_custkey = 22);
 count
---------------------------------------------------------------------
     2
(1 row)

-- Shards restricted correctly with prunable SAO constraints ORed
SELECT count(*) FROM orders_hash_partitioned
	WHERE (o_orderkey IN (1,2) AND o_custkey = 11) OR (o_orderkey IN (2,3) AND o_custkey = 22);
 count
---------------------------------------------------------------------
     2
(1 row)

-- All shards used with prunable expression ORed with unprunable expression
SELECT count(*) FROM orders_hash_partitioned
	WHERE o_orderkey IN (1,2) OR o_custkey = 33;
 count
---------------------------------------------------------------------
     3
(1 row)

-- Shards restricted correctly with prunable constraint ORed
SELECT count(*) FROM orders_hash_partitioned
	WHERE o_orderkey = 1 OR ((o_orderkey = 2 AND o_custkey = 22) OR (o_orderkey = 3 AND o_custkey = 33));
 count
---------------------------------------------------------------------
     3
(1 row)

-- Shards restricted correctly with prunable constraint ORed with falsy expression
SELECT count(*) FROM orders_hash_partitioned
	WHERE o_orderkey = 1 OR (o_orderkey = 2 AND (o_custkey = 11 OR (o_orderkey = 3 AND o_custkey = 44)));
 count
---------------------------------------------------------------------
     1
(1 row)

-- Shards restricted correctly with prunable SAO constraint ORed with prunable nested EQ constraint
SELECT count(*) FROM orders_hash_partitioned
	WHERE (o_orderkey IN (1,2)) AND (o_custkey = 11 OR o_custkey = 22 OR o_custkey = 33) AND o_totalprice <= 20;
 count
---------------------------------------------------------------------
     2
(1 row)

-- Shards restricted correctly with prunable SAO constraint ANDed with unprunable expressions
SELECT count(*) FROM orders_hash_partitioned
	WHERE (o_orderkey IN (1,2)) AND (o_custkey = 11 OR o_custkey = 33) AND o_custkey = 22;
 count
---------------------------------------------------------------------
     0
(1 row)

-- All shards used with prunable SAO constraint ORed with unprunable nested expression
SELECT count(*) FROM orders_hash_partitioned
	WHERE ((o_orderkey IN (1,2)) AND (o_custkey = 11 OR o_custkey = 22)) OR o_custkey = 33;
 count
---------------------------------------------------------------------
     3
(1 row)

-- Shards restricted correctly with prunable SAO constraint ORed with prunable nested EQ constraint
SELECT count(*) FROM orders_hash_partitioned
	WHERE ((o_orderkey IN (1,2)) AND (o_custkey = 11 OR o_custkey = 22)) OR (o_orderkey = 3 AND o_custkey = 33);
 count
---------------------------------------------------------------------
     3
(1 row)

-- All shards used with ORed top level unprunable expression
SELECT count(*) FROM orders_hash_partitioned
	WHERE o_custkey = 11 OR (o_orderkey = 2 AND o_custkey = 22);
 count
---------------------------------------------------------------------
     2
(1 row)

-- Single shard used when deeply nested prunable expression is restrictive with nested ANDs
SELECT count(*) FROM orders_hash_partitioned
	WHERE o_orderkey = 1 OR (o_orderkey = 2 AND (o_orderkey = 3 OR (o_orderkey = 1 AND o_custkey = 11)));
 count
---------------------------------------------------------------------
     1
(1 row)

-- Single shard used when top prunable expression is restrictive with nested ANDs
SELECT count(*) FROM orders_hash_partitioned
	WHERE o_orderkey = 1 AND ((o_orderkey = 2 OR o_orderkey = 3) AND (o_custkey = 11 OR o_custkey = 22));
 count
---------------------------------------------------------------------
     0
(1 row)

-- Deeply nested prunable expression affects used shards
SELECT count(*) FROM orders_hash_partitioned
	WHERE o_orderkey = 1 OR ((o_orderkey = 2 OR o_orderkey = 3) AND (o_custkey = 22 OR o_custkey = 33));
 count
---------------------------------------------------------------------
     3
(1 row)

-- Deeply nested non prunable expression uses all shards
SELECT count(*) FROM orders_hash_partitioned
	WHERE o_orderkey = 1 OR ((o_orderkey = 2 OR o_custkey = 11) AND (o_custkey = 22 OR o_custkey = 33));
 count
---------------------------------------------------------------------
     2
(1 row)

-- a OR partkey != x Uses all shards
SELECT count(*) FROM orders_hash_partitioned
	WHERE o_orderkey = 1 OR o_orderkey != 2;
 count
---------------------------------------------------------------------
     3
(1 row)

-- a OR partkey IS NULL Uses all shards
SELECT count(*) FROM orders_hash_partitioned
	WHERE o_orderkey = 1 OR o_orderkey IS NULL;
 count
---------------------------------------------------------------------
     1
(1 row)

-- a OR partkey IS NOT NULL Uses all shards
SELECT count(*) FROM orders_hash_partitioned
	WHERE o_orderkey = 1 OR o_orderkey IS NOT NULL;
 count
---------------------------------------------------------------------
     4
(1 row)

-- Check that NOT is handled with NEQs ORed
SELECT count(*) FROM orders_hash_partitioned
	WHERE NOT (o_orderkey != 2 OR o_orderkey != 3);
 count
---------------------------------------------------------------------
     0
(1 row)

-- Check that NOT is handled with EQs ORed
SELECT count(*) FROM orders_hash_partitioned
	WHERE NOT (o_orderkey = 2 OR o_orderkey = 3);
 count
---------------------------------------------------------------------
     2
(1 row)

-- Check that NOT is handled with NEQs ANDed
SELECT count(*) FROM orders_hash_partitioned
	WHERE NOT (o_orderkey != 2 AND o_orderkey != 3);
 count
---------------------------------------------------------------------
     2
(1 row)

-- Check that NOT is handled with EQs ANDed
SELECT count(*) FROM orders_hash_partitioned
	WHERE NOT (o_orderkey = 2 AND o_orderkey = 3);
 count
---------------------------------------------------------------------
     4
(1 row)

-- Check that subquery NOT is pruned when ANDed to a valid constraint
SELECT count(*) FROM orders_hash_partitioned
	WHERE o_orderkey IN (1,2) AND o_custkey NOT IN (SELECT o_custkey FROM orders_hash_partitioned WHERE o_orderkey = 1);
 count
---------------------------------------------------------------------
     1
(1 row)

-- Check that subquery NOT is unpruned when ORed to a valid constraint
SELECT count(*) FROM orders_hash_partitioned
	WHERE o_orderkey IN (1,2) OR o_custkey NOT IN (SELECT o_custkey FROM orders_hash_partitioned WHERE o_orderkey = 3);
 count
---------------------------------------------------------------------
     3
(1 row)

-- left joins should prune shards based on the left hand side of the left join
-- it should only assign 2 tasks as there is a filter on the left table pruning to 2
-- shards
EXPLAIN (COSTS OFF)
SELECT count(*)
FROM orders_hash_partitioned
LEFT JOIN lineitem_hash_partitioned ON (o_orderkey = l_orderkey)
WHERE o_orderkey IN (1, 2);
                                            QUERY PLAN
---------------------------------------------------------------------
 Aggregate
   ->  Nested Loop Left Join
         Join Filter: (orders_hash_partitioned.o_orderkey = lineitem_hash_partitioned.l_orderkey)
         ->  Custom Scan (ColumnarScan) on orders_hash_partitioned
               Filter: (o_orderkey = ANY ('{1,2}'::integer[]))
         ->  Custom Scan (ColumnarScan) on lineitem_hash_partitioned
(6 rows)

EXPLAIN (COSTS OFF)
SELECT count(*)
FROM orders_hash_partitioned
INNER JOIN lineitem_hash_partitioned ON (o_orderkey = l_orderkey)
WHERE o_orderkey IN (1, 2);
                                            QUERY PLAN
---------------------------------------------------------------------
 Aggregate
   ->  Nested Loop
         Join Filter: (orders_hash_partitioned.o_orderkey = lineitem_hash_partitioned.l_orderkey)
         ->  Custom Scan (ColumnarScan) on orders_hash_partitioned
               Filter: (o_orderkey = ANY ('{1,2}'::integer[]))
         ->  Custom Scan (ColumnarScan) on lineitem_hash_partitioned
(6 rows)

-- same principle but on a right join
EXPLAIN (COSTS OFF)
SELECT count(*)
FROM orders_hash_partitioned
RIGHT JOIN lineitem_hash_partitioned ON (o_orderkey = l_orderkey)
WHERE l_orderkey IN (1, 2);
                                           QUERY PLAN
---------------------------------------------------------------------
 Aggregate
   ->  Hash Right Join
         Hash Cond: (orders_hash_partitioned.o_orderkey = lineitem_hash_partitioned.l_orderkey)
         ->  Custom Scan (ColumnarScan) on orders_hash_partitioned
         ->  Hash
               ->  Custom Scan (ColumnarScan) on lineitem_hash_partitioned
                     Filter: (l_orderkey = ANY ('{1,2}'::integer[]))
(7 rows)

-- full outerjoin should only prune partitions that will not return any rows. In short it
-- should cause a union of the FROM and FULL OUTER JOIN tables.
EXPLAIN (COSTS OFF)
SELECT count(*)
FROM orders_hash_partitioned
FULL OUTER JOIN lineitem_hash_partitioned ON (o_orderkey = l_orderkey)
WHERE o_orderkey IN (1, 2)
   OR l_orderkey IN (2, 3);
                                                                       QUERY PLAN
---------------------------------------------------------------------
 Aggregate
   ->  Hash Full Join
         Hash Cond: (orders_hash_partitioned.o_orderkey = lineitem_hash_partitioned.l_orderkey)
         Filter: ((orders_hash_partitioned.o_orderkey = ANY ('{1,2}'::integer[])) OR (lineitem_hash_partitioned.l_orderkey = ANY ('{2,3}'::integer[])))
         ->  Custom Scan (ColumnarScan) on orders_hash_partitioned
         ->  Hash
               ->  Custom Scan (ColumnarScan) on lineitem_hash_partitioned
(7 rows)

EXPLAIN (COSTS OFF)
SELECT count(*)
FROM orders_hash_partitioned
FULL OUTER JOIN lineitem_hash_partitioned ON (o_orderkey = l_orderkey)
WHERE o_orderkey IN (1, 2)
   AND l_orderkey IN (2, 3);
                                            QUERY PLAN
---------------------------------------------------------------------
 Aggregate
   ->  Nested Loop
         Join Filter: (orders_hash_partitioned.o_orderkey = lineitem_hash_partitioned.l_orderkey)
         ->  Custom Scan (ColumnarScan) on orders_hash_partitioned
               Filter: (o_orderkey = ANY ('{1,2}'::integer[]))
         ->  Custom Scan (ColumnarScan) on lineitem_hash_partitioned
               Filter: (l_orderkey = ANY ('{2,3}'::integer[]))
(7 rows)

DROP SCHEMA columnar_prune CASCADE;
